// Vitest Snapshot v1, https://vitest.dev/guide/snapshot.html

exports[`Form Dentist component > renders correctly 1`] = `
<div>
  <div
    class="form-container"
    id="pop-up"
  >
    <form
      action=""
      id="pop-up-content"
      role="service-form"
    >
      <span
        class="form-close-btn"
      >
        <button
          class="close-btn"
          type="button"
        >
          X
        </button>
      </span>
      <legend>
        <h3>
          Registrar Novo Serviço
        </h3>
      </legend>
      <div
        class="paciente"
      >
        <label
          for="paciente"
        >
          Nome do Paciente
        </label>
        <div
          class="error-message"
        />
        <input
          id="paciente"
          name="paciente"
          required=""
          type="text"
          value=""
        />
      </div>
      <div
        class="select-options"
      >
        <label
          for="local"
        >
          Local
        </label>
        <div
          class="error-message"
        />
        <select
          id="local"
          name="local"
        >
          <option />
          <option
            value="local-0"
          >
            Franco EIRELI
          </option>
          <option
            value="local-1"
          >
            Moraes LTDA
          </option>
        </select>
      </div>
      <div
        class="select-options"
      >
        <label
          for="dentista"
        >
          Dentistas
        </label>
        <div
          class="error-message"
        />
        <select
          id="dentista"
          name="dentista"
          required=""
        >
          <option />
        </select>
      </div>
      <div
        class="search-product"
      >
        <label
          for="search-product"
        >
          Produto
        </label>
        <div
          class="error-message"
        />
        <input
          id="search-product"
          name="search-product"
          placeholder="Search..."
          type="text"
          value=""
        />
        <select
          id="produto"
          name="produto"
        >
          <option
            value=""
          />
          <option
            value="id-produto-1"
          >
            produto-1
          </option>
          <option
            value="id-produto-2"
          >
            produto-2
          </option>
        </select>
        <button
          class="select-product"
          type="button"
        >
          Selecionar Produto
        </button>
        <div
          for="selected-products"
        >
          Selecionado:
        </div>
      </div>
      <div
        class="statusEntrega"
      >
        <label
          for="statusEntrega"
        >
          Finalizado:
        </label>
        <select
          id="statusEntrega"
          name="statusEntrega"
        >
          <option
            value="false"
          >
            Não
          </option>
          <option
            value="true"
          >
            Sim
          </option>
        </select>
      </div>
      <button
        class="register-form-btn"
        type="submit"
      >
        Registrar
      </button>
    </form>
  </div>
</div>
`;
